[spruko.com/demo/dashplex/Dashplex/html/index.html]
[backblue.gif]
[fade.gif]
[index.html]
[spruko.com/demo/dashplex/Dashplex/assets/plugins/jquery/jquery.min.js]
[spruko.com/demo/dashplex/Dashplex/assets/plugins/bootstrap/js/popper.min.js]
[spruko.com/demo/dashplex/Dashplex/assets/plugins/bootstrap/js/bootstrap.min.js]
[spruko.com/demo/dashplex/Dashplex/assets/plugins/select2/js/select2.min.js]
[spruko.com/demo/dashplex/Dashplex/assets/plugins/datatable/js/jquery.dataTables.min.js]
[spruko.com/demo/dashplex/Dashplex/assets/plugins/datatable/js/dataTables.bootstrap5.js]
[spruko.com/demo/dashplex/Dashplex/assets/plugins/datatable/dataTables.responsive.min.js]
[spruko.com/demo/dashplex/Dashplex/assets/plugins/perfect-scrollbar/perfect-scrollbar.min.js]
[spruko.com/demo/dashplex/Dashplex/assets/plugins/perfect-scrollbar/pscroll1.js]
[spruko.com/demo/dashplex/Dashplex/assets/plugins/apexcharts/apexcharts.js]
[spruko.com/demo/dashplex/Dashplex/assets/plugins/sidemenu/sidemenu.js]
[spruko.com/demo/dashplex/Dashplex/assets/plugins/sidebar/sidebar.js]
[spruko.com/demo/dashplex/Dashplex/assets/js/index.js]
[spruko.com/demo/dashplex/Dashplex/assets/js/circle-progress.min.js]
[spruko.com/demo/dashplex/Dashplex/assets/js/themeColors.js]
[spruko.com/demo/dashplex/Dashplex/assets/js/sticky.js]
[spruko.com/demo/dashplex/Dashplex/assets/js/custom.js]
[spruko.com/demo/dashplex/Dashplex/assets/switcher/js/switcher.js]
[spruko.com/demo/dashplex/Dashplex/html/index.html]
[spruko.com/demo/dashplex/Dashplex/assets/plugins/bootstrap/css/bootstrap.min.css]
[spruko.com/demo/dashplex/Dashplex/assets/web-fonts/font/fontawesome-webfont3e6e.eot]
[spruko.com/demo/dashplex/Dashplex/assets/web-fonts/font/fontawesome-webfontd41d.eot]
[spruko.com/demo/dashplex/Dashplex/assets/web-fonts/font/fontawesome-webfont3e6e.woff2]
[spruko.com/demo/dashplex/Dashplex/assets/web-fonts/font/fontawesome-webfont3e6e.woff]
[spruko.com/demo/dashplex/Dashplex/assets/web-fonts/font/fontawesome-webfont3e6e.ttf]
[spruko.com/demo/dashplex/Dashplex/assets/web-fonts/font/Material-Design-Iconic-Fontd1f1.woff2]
[spruko.com/demo/dashplex/Dashplex/assets/web-fonts/font/Material-Design-Iconic-Fontd1f1.woff]
[spruko.com/demo/dashplex/Dashplex/assets/web-fonts/font/Material-Design-Iconic-Fontd1f1.ttf]
[spruko.com/demo/dashplex/Dashplex/assets/web-fonts/font/themify9f24.eot]
[spruko.com/demo/dashplex/Dashplex/assets/web-fonts/font/themifyd41d.eot]
[spruko.com/demo/dashplex/Dashplex/assets/web-fonts/font/themify9f24.woff]
[spruko.com/demo/dashplex/Dashplex/assets/web-fonts/font/themify9f24.ttf]
[spruko.com/demo/dashplex/Dashplex/assets/web-fonts/fonts/simple-line-icons/Simple-Line-Icons4c82.eot]
[spruko.com/demo/dashplex/Dashplex/assets/web-fonts/fonts/simple-line-icons/Simple-Line-Iconsd41d.eot]
[spruko.com/demo/dashplex/Dashplex/assets/web-fonts/fonts/simple-line-icons/Simple-Line-Icons4c82.ttf]
[spruko.com/demo/dashplex/Dashplex/assets/web-fonts/fonts/simple-line-icons/Simple-Line-Icons4c82.woff2]
[spruko.com/demo/dashplex/Dashplex/assets/web-fonts/fonts/simple-line-icons/Simple-Line-Icons4c82.woff]
[spruko.com/demo/dashplex/Dashplex/assets/web-fonts/font/ioniconsaa26.eot]
[spruko.com/demo/dashplex/Dashplex/assets/web-fonts/font/ioniconsaa26.ttf]
[spruko.com/demo/dashplex/Dashplex/assets/web-fonts/font/ioniconsaa26.woff]
[spruko.com/demo/dashplex/Dashplex/assets/web-fonts/font/weathericons-regular-webfont.eot]
[spruko.com/demo/dashplex/Dashplex/assets/web-fonts/font/weathericons-regular-webfontd41d.eot]
[spruko.com/demo/dashplex/Dashplex/assets/web-fonts/font/weathericons-regular-webfont.woff2]
[spruko.com/demo/dashplex/Dashplex/assets/web-fonts/font/weathericons-regular-webfont.woff]
[spruko.com/demo/dashplex/Dashplex/assets/web-fonts/font/weathericons-regular-webfont.ttf]
[spruko.com/demo/dashplex/Dashplex/assets/web-fonts/font/typicons.eot]
[spruko.com/demo/dashplex/Dashplex/assets/web-fonts/font/typiconsd41d.eot]
[spruko.com/demo/dashplex/Dashplex/assets/web-fonts/font/typicons.woff]
[spruko.com/demo/dashplex/Dashplex/assets/web-fonts/font/typicons.ttf]
[spruko.com/demo/dashplex/Dashplex/assets/web-fonts/font/Pe-icon-7-strokebb1d.eot]
[spruko.com/demo/dashplex/Dashplex/assets/web-fonts/font/Pe-icon-7-stroked41d.eot]
[spruko.com/demo/dashplex/Dashplex/assets/web-fonts/font/Pe-icon-7-strokebb1d.woff]
[spruko.com/demo/dashplex/Dashplex/assets/web-fonts/font/Pe-icon-7-strokebb1d.ttf]
[spruko.com/demo/dashplex/Dashplex/assets/web-fonts/icons.css]
[spruko.com/demo/dashplex/Dashplex/assets/web-fonts/font-awesome/fontawesome-webfont3e6e.eot]
[spruko.com/demo/dashplex/Dashplex/assets/web-fonts/font-awesome/fontawesome-webfontd41d.eot]
[spruko.com/demo/dashplex/Dashplex/assets/web-fonts/font-awesome/fontawesome-webfont3e6e.woff2]
[spruko.com/demo/dashplex/Dashplex/assets/web-fonts/font-awesome/fontawesome-webfont3e6e.woff]
[spruko.com/demo/dashplex/Dashplex/assets/web-fonts/font-awesome/fontawesome-webfont3e6e.ttf]
[spruko.com/demo/dashplex/Dashplex/assets/web-fonts/font-awesome/fa-brands-400.eot]
[spruko.com/demo/dashplex/Dashplex/assets/web-fonts/font-awesome/fa-brands-400d41d.eot]
[spruko.com/demo/dashplex/Dashplex/assets/web-fonts/font-awesome/fa-brands-400.woff2]
[spruko.com/demo/dashplex/Dashplex/assets/web-fonts/font-awesome/fa-brands-400.woff]
[spruko.com/demo/dashplex/Dashplex/assets/web-fonts/font-awesome/fa-brands-400.ttf]
[spruko.com/demo/dashplex/Dashplex/assets/web-fonts/font-awesome/fa-regular-400.eot]
[spruko.com/demo/dashplex/Dashplex/assets/web-fonts/font-awesome/fa-regular-400d41d.eot]
[spruko.com/demo/dashplex/Dashplex/assets/web-fonts/font-awesome/fa-regular-400.woff2]
[spruko.com/demo/dashplex/Dashplex/assets/web-fonts/font-awesome/fa-regular-400.woff]
[spruko.com/demo/dashplex/Dashplex/assets/web-fonts/font-awesome/fa-regular-400.ttf]
[spruko.com/demo/dashplex/Dashplex/assets/web-fonts/font-awesome/fa-solid-900.eot]
[spruko.com/demo/dashplex/Dashplex/assets/web-fonts/font-awesome/fa-solid-900d41d.eot]
[spruko.com/demo/dashplex/Dashplex/assets/web-fonts/font-awesome/fa-solid-900.woff2]
[spruko.com/demo/dashplex/Dashplex/assets/web-fonts/font-awesome/fa-solid-900.woff]
[spruko.com/demo/dashplex/Dashplex/assets/web-fonts/font-awesome/fa-solid-900.ttf]
[spruko.com/demo/dashplex/Dashplex/assets/web-fonts/font-awesome/font-awesome.min.css]
[spruko.com/demo/dashplex/Dashplex/assets/web-fonts/fonts/themify/themify.eot]
[spruko.com/demo/dashplex/Dashplex/assets/web-fonts/fonts/themify/themify.woff]
[spruko.com/demo/dashplex/Dashplex/assets/web-fonts/fonts/themify/themify.ttf]
[spruko.com/demo/dashplex/Dashplex/assets/web-fonts/fonts/weathericons/weathericons-regular-webfont.eot]
[spruko.com/demo/dashplex/Dashplex/assets/web-fonts/fonts/weathericons/weathericons-regular-webfont.woff2]
[spruko.com/demo/dashplex/Dashplex/assets/web-fonts/fonts/weathericons/weathericons-regular-webfont.woff]
[spruko.com/demo/dashplex/Dashplex/assets/web-fonts/fonts/weathericons/weathericons-regular-webfont.ttf]
[spruko.com/demo/dashplex/Dashplex/assets/web-fonts/fonts/materialdesignicons/materialdesignicons-webfont.eot]
[spruko.com/demo/dashplex/Dashplex/assets/web-fonts/fonts/materialdesignicons/materialdesignicons-webfont.woff2]
[spruko.com/demo/dashplex/Dashplex/assets/web-fonts/fonts/materialdesignicons/materialdesignicons-webfont.woff]
[spruko.com/demo/dashplex/Dashplex/assets/web-fonts/fonts/materialdesignicons/materialdesignicons-webfont.ttf]
[spruko.com/demo/dashplex/Dashplex/assets/web-fonts/fonts/simple-line-icons/Simple-Line-Icons.eot]
[spruko.com/demo/dashplex/Dashplex/assets/web-fonts/fonts/simple-line-icons/Simple-Line-Icons.woff2]
[spruko.com/demo/dashplex/Dashplex/assets/web-fonts/fonts/simple-line-icons/Simple-Line-Icons.ttf]
[spruko.com/demo/dashplex/Dashplex/assets/web-fonts/fonts/simple-line-icons/Simple-Line-Icons.woff]
[spruko.com/demo/dashplex/Dashplex/assets/web-fonts/fonts/feather/feather-webfont.eot]
[spruko.com/demo/dashplex/Dashplex/assets/web-fonts/fonts/feather/feather-webfont.woff]
[spruko.com/demo/dashplex/Dashplex/assets/web-fonts/fonts/feather/feather-webfont.ttf]
[spruko.com/demo/dashplex/Dashplex/assets/web-fonts/fonts/ionicons/ionicons.eot]
[spruko.com/demo/dashplex/Dashplex/assets/web-fonts/fonts/ionicons/ionicons53d0.woff2]
[spruko.com/demo/dashplex/Dashplex/assets/web-fonts/fonts/ionicons/ionicons53d0.woff]
[spruko.com/demo/dashplex/Dashplex/assets/web-fonts/fonts/ionicons/ionicons53d0.ttf]
[spruko.com/demo/dashplex/Dashplex/assets/web-fonts/plugin.css]
[spruko.com/demo/dashplex/Dashplex/assets/img/media/6.jpg]
[spruko.com/demo/dashplex/Dashplex/assets/img/media/8.jpg]
[spruko.com/demo/dashplex/Dashplex/assets/img/media/13.jpg]
[spruko.com/demo/dashplex/Dashplex/assets/plugins/owl-carousel/cursor.png]
[spruko.com/demo/dashplex/Dashplex/assets/plugins/fancyuploder/fancy_upload.png]
[spruko.com/demo/dashplex/Dashplex/assets/plugins/fancyuploder/fancy_microphone.png]
[spruko.com/demo/dashplex/Dashplex/assets/plugins/fancyuploder/fancy_webcam.png]
[spruko.com/demo/dashplex/Dashplex/assets/plugins/fancyuploder/fancy_okay.png]
[spruko.com/demo/dashplex/Dashplex/assets/plugins/fancyuploder/fancy_remove.png]
[spruko.com/demo/dashplex/Dashplex/assets/plugins/gallery/loading.gif]
[spruko.com/demo/dashplex/Dashplex/assets/plugins/telephoneinput/img/flags16.png]
[spruko.com/demo/dashplex/Dashplex/assets/img/pngs/bg.png]
[spruko.com/demo/dashplex/Dashplex/assets/img/media/bg.jpg]
[spruko.com/demo/dashplex/Dashplex/assets/img/media/bg-profileimage.jpg]
[spruko.com/demo/dashplex/Dashplex/assets/img/media/alert-bg.jpg]
[spruko.com/demo/dashplex/Dashplex/assets/css/style.css]
[spruko.com/demo/dashplex/Dashplex/assets/img/media/bg-img1.jpg]
[spruko.com/demo/dashplex/Dashplex/assets/img/media/bg-img2.jpg]
[spruko.com/demo/dashplex/Dashplex/assets/img/media/bg-img3.jpg]
[spruko.com/demo/dashplex/Dashplex/assets/img/media/bg-img4.jpg]
[spruko.com/demo/dashplex/Dashplex/assets/css/transparent-style.css]
[spruko.com/demo/dashplex/Dashplex/assets/css/dark-style.css]
[spruko.com/demo/dashplex/Dashplex/assets/css/skin-modes.css]
[spruko.com/demo/dashplex/Dashplex/assets/css/colors/color.css]
[spruko.com/demo/dashplex/Dashplex/assets/switcher/css/switcher.css]
[spruko.com/demo/dashplex/Dashplex/assets/switcher/demo.css]
[spruko.com/demo/dashplex/Dashplex/assets/web-fonts/font/fontawesome-webfont3e6e.svg]
[spruko.com/demo/dashplex/Dashplex/assets/web-fonts/font/themify9f24.svg]
[spruko.com/demo/dashplex/Dashplex/assets/web-fonts/fonts/simple-line-icons/Simple-Line-Icons4c82.svg]
[spruko.com/demo/dashplex/Dashplex/assets/web-fonts/font/ioniconsaa26.svg]
[spruko.com/demo/dashplex/Dashplex/assets/web-fonts/font/weathericons-regular-webfont.svg]
[spruko.com/demo/dashplex/Dashplex/assets/web-fonts/font/typicons.svg]
[spruko.com/demo/dashplex/Dashplex/assets/web-fonts/font/Pe-icon-7-strokebb1d.svg]
[spruko.com/demo/dashplex/Dashplex/assets/web-fonts/font-awesome/fontawesome-webfont3e6e.svg]
[spruko.com/demo/dashplex/Dashplex/assets/web-fonts/font-awesome/fa-brands-400.svg]
[spruko.com/demo/dashplex/Dashplex/assets/web-fonts/font-awesome/fa-regular-400.svg]
[spruko.com/demo/dashplex/Dashplex/assets/web-fonts/font-awesome/fa-solid-900.svg]
[spruko.com/demo/dashplex/Dashplex/assets/web-fonts/cryptofont/css/cryptofont.min.css]
[spruko.com/demo/dashplex/Dashplex/assets/web-fonts/flag-icon-css/css/flag-icon.min.css]
[spruko.com/demo/dashplex/Dashplex/assets/web-fonts/line-awesome/css/line-awesome.min.css]
[spruko.com/demo/dashplex/Dashplex/assets/web-fonts/bootstrap-icons/font/fonts/bootstrap-icons3413.woff2]
[spruko.com/demo/dashplex/Dashplex/assets/web-fonts/bootstrap-icons/font/fonts/bootstrap-icons3413.woff]
[spruko.com/demo/dashplex/Dashplex/assets/web-fonts/bootstrap-icons/font/bootstrap-icons.css]
[spruko.com/demo/dashplex/Dashplex/assets/web-fonts/fonts/themify/themify.svg]
[spruko.com/demo/dashplex/Dashplex/assets/web-fonts/fonts/weathericons/weathericons-regular-webfont.svg]
[spruko.com/demo/dashplex/Dashplex/assets/web-fonts/fonts/materialdesignicons/materialdesignicons-webfontd41d.svg]
[spruko.com/demo/dashplex/Dashplex/assets/web-fonts/fonts/simple-line-icons/Simple-Line-Icons.svg]
[spruko.com/demo/dashplex/Dashplex/assets/web-fonts/fonts/feather/feather-webfont.svg]
[spruko.com/demo/dashplex/Dashplex/assets/web-fonts/fonts/ionicons/ionicons53d0.svg]
